// Jest Snapshot v1, https://goo.gl/fbAQLP

exports[`<StarSystem /> matches snapshot 1`] = `ShallowWrapper {}`;
